

================================================================
== Vitis HLS Report for 'matrix_mul_Pipeline_VITIS_LOOP_47_7'
================================================================
* Date:           Wed Nov 20 15:30:21 2024

* Version:        2022.1 (Build 3526262 on Mon Apr 18 15:47:01 MDT 2022)
* Project:        matrix_mul_hls
* Solution:       solution1 (Vivado IP Flow Target)
* Product family: virtexuplus
* Target device:  xcu50-fsvh2104-2-e


================================================================
== Performance Estimates
================================================================
+ Timing: 
    * Summary: 
    +--------+---------+----------+------------+
    |  Clock |  Target | Estimated| Uncertainty|
    +--------+---------+----------+------------+
    |ap_clk  |  3.33 ns|  2.431 ns|     0.90 ns|
    +--------+---------+----------+------------+

+ Latency: 
    * Summary: 
    +---------+---------+-----------+-----------+------+------+---------+
    |  Latency (cycles) |   Latency (absolute)  |   Interval  | Pipeline|
    |   min   |   max   |    min    |    max    |  min |  max |   Type  |
    +---------+---------+-----------+-----------+------+------+---------+
    |     4109|     4109|  13.683 us|  13.683 us|  4109|  4109|       no|
    +---------+---------+-----------+-----------+------+------+---------+

    + Detail: 
        * Instance: 
        N/A

        * Loop: 
        +-----------------------------------+---------+---------+----------+-----------+-----------+------+----------+
        |                                   |  Latency (cycles) | Iteration|  Initiation Interval  | Trip |          |
        |             Loop Name             |   min   |   max   |  Latency |  achieved |   target  | Count| Pipelined|
        +-----------------------------------+---------+---------+----------+-----------+-----------+------+----------+
        |- VITIS_LOOP_46_6_VITIS_LOOP_47_7  |     4107|     4107|        13|          1|          1|  4096|       yes|
        +-----------------------------------+---------+---------+----------+-----------+-----------+------+----------+



================================================================
== Utilization Estimates
================================================================
* Summary: 
+---------------------+---------+------+---------+--------+-----+
|         Name        | BRAM_18K|  DSP |    FF   |   LUT  | URAM|
+---------------------+---------+------+---------+--------+-----+
|DSP                  |        -|     -|        -|       -|    -|
|Expression           |        -|     -|        0|     273|    -|
|FIFO                 |        -|     -|        -|       -|    -|
|Instance             |        -|     3|      165|      49|    -|
|Memory               |        -|     -|        -|       -|    -|
|Multiplexer          |        -|     -|        -|      90|    -|
|Register             |        -|     -|      510|      96|    -|
+---------------------+---------+------+---------+--------+-----+
|Total                |        0|     3|      675|     508|    0|
+---------------------+---------+------+---------+--------+-----+
|Available SLR        |     1344|  2976|   871680|  435840|  320|
+---------------------+---------+------+---------+--------+-----+
|Utilization SLR (%)  |        0|    ~0|       ~0|      ~0|    0|
+---------------------+---------+------+---------+--------+-----+
|Available            |     2688|  5952|  1743360|  871680|  640|
+---------------------+---------+------+---------+--------+-----+
|Utilization (%)      |        0|    ~0|       ~0|      ~0|    0|
+---------------------+---------+------+---------+--------+-----+

+ Detail: 
    * Instance: 
    +--------------------------+----------------------+---------+----+-----+----+-----+
    |         Instance         |        Module        | BRAM_18K| DSP|  FF | LUT| URAM|
    +--------------------------+----------------------+---------+----+-----+----+-----+
    |mul_31ns_32ns_62_2_1_U65  |mul_31ns_32ns_62_2_1  |        0|   3|  165|  49|    0|
    +--------------------------+----------------------+---------+----+-----+----+-----+
    |Total                     |                      |        0|   3|  165|  49|    0|
    +--------------------------+----------------------+---------+----+-----+----+-----+

    * DSP: 
    N/A

    * Memory: 
    N/A

    * FIFO: 
    N/A

    * Expression: 
    +---------------------------+----------+----+---+----+------------+------------+
    |       Variable Name       | Operation| DSP| FF| LUT| Bitwidth P0| Bitwidth P1|
    +---------------------------+----------+----+---+----+------------+------------+
    |add_ln46_1_fu_1309_p2      |         +|   0|  0|  38|          31|          31|
    |add_ln46_2_fu_1348_p2      |         +|   0|  0|  69|          62|          62|
    |add_ln46_3_fu_1360_p2      |         +|   0|  0|  71|          64|          64|
    |add_ln46_4_fu_1291_p2      |         +|   0|  0|  14|           7|           1|
    |add_ln46_fu_1259_p2        |         +|   0|  0|  20|          13|           1|
    |add_ln47_fu_1319_p2        |         +|   0|  0|  14|           7|           1|
    |ap_block_state5_io         |       and|   0|  0|   2|           1|           1|
    |ap_condition_1222          |       and|   0|  0|   2|           1|           1|
    |icmp_ln46_fu_1253_p2       |      icmp|   0|  0|  12|          13|          14|
    |icmp_ln47_fu_1271_p2       |      icmp|   0|  0|  11|           7|           8|
    |ap_block_pp0_stage0_11001  |        or|   0|  0|   2|           1|           1|
    |or_ln46_fu_1277_p2         |        or|   0|  0|   2|           1|           1|
    |select_ln46_1_fu_1297_p3   |    select|   0|  0|   7|           1|           7|
    |select_ln46_fu_1283_p3     |    select|   0|  0|   7|           1|           1|
    |ap_enable_pp0              |       xor|   0|  0|   2|           1|           2|
    +---------------------------+----------+----+---+----+------------+------------+
    |Total                      |          |   0|  0| 273|         211|         196|
    +---------------------------+----------+----+---+----+------------+------------+

    * Multiplexer: 
    +-----------------------------------------+----+-----------+-----+-----------+
    |                   Name                  | LUT| Input Size| Bits| Total Bits|
    +-----------------------------------------+----+-----------+-----+-----------+
    |ap_done_int                              |   9|          2|    1|          2|
    |ap_enable_reg_pp0_iter1                  |   9|          2|    1|          2|
    |ap_sig_allocacmp_ii_load                 |   9|          2|    7|         14|
    |ap_sig_allocacmp_indvar_flatten142_load  |   9|          2|   13|         26|
    |ap_sig_allocacmp_kk_load                 |   9|          2|    7|         14|
    |gmem0_blk_n_AR                           |   9|          2|    1|          2|
    |gmem0_blk_n_R                            |   9|          2|    1|          2|
    |ii_fu_340                                |   9|          2|    7|         14|
    |indvar_flatten142_fu_344                 |   9|          2|   13|         26|
    |kk_fu_336                                |   9|          2|    7|         14|
    +-----------------------------------------+----+-----------+-----+-----------+
    |Total                                    |  90|         20|   58|        116|
    +-----------------------------------------+----+-----------+-----+-----------+

    * Register: 
    +-----------------------------------+----+----+-----+-----------+
    |                Name               | FF | LUT| Bits| Const Bits|
    +-----------------------------------+----+----+-----+-----------+
    |add_ln46_1_reg_1511                |  31|   0|   31|          0|
    |ap_CS_fsm                          |   1|   0|    1|          0|
    |ap_done_reg                        |   1|   0|    1|          0|
    |ap_enable_reg_pp0_iter1            |   1|   0|    1|          0|
    |ap_enable_reg_pp0_iter10           |   1|   0|    1|          0|
    |ap_enable_reg_pp0_iter11           |   1|   0|    1|          0|
    |ap_enable_reg_pp0_iter12           |   1|   0|    1|          0|
    |ap_enable_reg_pp0_iter2            |   1|   0|    1|          0|
    |ap_enable_reg_pp0_iter3            |   1|   0|    1|          0|
    |ap_enable_reg_pp0_iter4            |   1|   0|    1|          0|
    |ap_enable_reg_pp0_iter5            |   1|   0|    1|          0|
    |ap_enable_reg_pp0_iter6            |   1|   0|    1|          0|
    |ap_enable_reg_pp0_iter7            |   1|   0|    1|          0|
    |ap_enable_reg_pp0_iter8            |   1|   0|    1|          0|
    |ap_enable_reg_pp0_iter9            |   1|   0|    1|          0|
    |ap_loop_exit_ready_pp0_iter10_reg  |   1|   0|    1|          0|
    |ap_loop_exit_ready_pp0_iter11_reg  |   1|   0|    1|          0|
    |ap_loop_exit_ready_pp0_iter1_reg   |   1|   0|    1|          0|
    |ap_loop_exit_ready_pp0_iter2_reg   |   1|   0|    1|          0|
    |ap_loop_exit_ready_pp0_iter3_reg   |   1|   0|    1|          0|
    |ap_loop_exit_ready_pp0_iter4_reg   |   1|   0|    1|          0|
    |ap_loop_exit_ready_pp0_iter5_reg   |   1|   0|    1|          0|
    |ap_loop_exit_ready_pp0_iter6_reg   |   1|   0|    1|          0|
    |ap_loop_exit_ready_pp0_iter7_reg   |   1|   0|    1|          0|
    |ap_loop_exit_ready_pp0_iter8_reg   |   1|   0|    1|          0|
    |ap_loop_exit_ready_pp0_iter9_reg   |   1|   0|    1|          0|
    |bitcast_ln49_reg_1545              |  32|   0|   32|          0|
    |icmp_ln46_reg_1498                 |   1|   0|    1|          0|
    |ii_fu_340                          |   7|   0|    7|          0|
    |indvar_flatten142_fu_344           |  13|   0|   13|          0|
    |kk_fu_336                          |   7|   0|    7|          0|
    |mul_ln46_reg_1525                  |  62|   0|   62|          0|
    |or_ln46_reg_1502                   |   1|   0|    1|          0|
    |select_ln46_1_reg_1506             |   7|   0|    7|          0|
    |sext_ln47_mid2_v_reg_1530          |  62|   0|   62|          0|
    |trunc_ln49_reg_1516                |   6|   0|    6|          0|
    |zext_ln34_cast_reg_1493            |  32|   0|   62|         30|
    |zext_ln44_cast_reg_1488            |  32|   0|   62|         30|
    |or_ln46_reg_1502                   |  64|  32|    1|          0|
    |select_ln46_1_reg_1506             |  64|  32|    7|          0|
    |trunc_ln49_reg_1516                |  64|  32|    6|          0|
    +-----------------------------------+----+----+-----+-----------+
    |Total                              | 510|  96|  392|         60|
    +-----------------------------------+----+----+-----+-----------+



================================================================
== Interface
================================================================
* Summary: 
+----------------------+-----+-----+------------+-------------------------------------+--------------+
|       RTL Ports      | Dir | Bits|  Protocol  |            Source Object            |    C Type    |
+----------------------+-----+-----+------------+-------------------------------------+--------------+
|ap_clk                |   in|    1|  ap_ctrl_hs|  matrix_mul_Pipeline_VITIS_LOOP_47_7|  return value|
|ap_rst                |   in|    1|  ap_ctrl_hs|  matrix_mul_Pipeline_VITIS_LOOP_47_7|  return value|
|ap_start              |   in|    1|  ap_ctrl_hs|  matrix_mul_Pipeline_VITIS_LOOP_47_7|  return value|
|ap_done               |  out|    1|  ap_ctrl_hs|  matrix_mul_Pipeline_VITIS_LOOP_47_7|  return value|
|ap_idle               |  out|    1|  ap_ctrl_hs|  matrix_mul_Pipeline_VITIS_LOOP_47_7|  return value|
|ap_ready              |  out|    1|  ap_ctrl_hs|  matrix_mul_Pipeline_VITIS_LOOP_47_7|  return value|
|m_axi_gmem0_AWVALID   |  out|    1|       m_axi|                                gmem0|       pointer|
|m_axi_gmem0_AWREADY   |   in|    1|       m_axi|                                gmem0|       pointer|
|m_axi_gmem0_AWADDR    |  out|   64|       m_axi|                                gmem0|       pointer|
|m_axi_gmem0_AWID      |  out|    1|       m_axi|                                gmem0|       pointer|
|m_axi_gmem0_AWLEN     |  out|   32|       m_axi|                                gmem0|       pointer|
|m_axi_gmem0_AWSIZE    |  out|    3|       m_axi|                                gmem0|       pointer|
|m_axi_gmem0_AWBURST   |  out|    2|       m_axi|                                gmem0|       pointer|
|m_axi_gmem0_AWLOCK    |  out|    2|       m_axi|                                gmem0|       pointer|
|m_axi_gmem0_AWCACHE   |  out|    4|       m_axi|                                gmem0|       pointer|
|m_axi_gmem0_AWPROT    |  out|    3|       m_axi|                                gmem0|       pointer|
|m_axi_gmem0_AWQOS     |  out|    4|       m_axi|                                gmem0|       pointer|
|m_axi_gmem0_AWREGION  |  out|    4|       m_axi|                                gmem0|       pointer|
|m_axi_gmem0_AWUSER    |  out|    1|       m_axi|                                gmem0|       pointer|
|m_axi_gmem0_WVALID    |  out|    1|       m_axi|                                gmem0|       pointer|
|m_axi_gmem0_WREADY    |   in|    1|       m_axi|                                gmem0|       pointer|
|m_axi_gmem0_WDATA     |  out|   32|       m_axi|                                gmem0|       pointer|
|m_axi_gmem0_WSTRB     |  out|    4|       m_axi|                                gmem0|       pointer|
|m_axi_gmem0_WLAST     |  out|    1|       m_axi|                                gmem0|       pointer|
|m_axi_gmem0_WID       |  out|    1|       m_axi|                                gmem0|       pointer|
|m_axi_gmem0_WUSER     |  out|    1|       m_axi|                                gmem0|       pointer|
|m_axi_gmem0_ARVALID   |  out|    1|       m_axi|                                gmem0|       pointer|
|m_axi_gmem0_ARREADY   |   in|    1|       m_axi|                                gmem0|       pointer|
|m_axi_gmem0_ARADDR    |  out|   64|       m_axi|                                gmem0|       pointer|
|m_axi_gmem0_ARID      |  out|    1|       m_axi|                                gmem0|       pointer|
|m_axi_gmem0_ARLEN     |  out|   32|       m_axi|                                gmem0|       pointer|
|m_axi_gmem0_ARSIZE    |  out|    3|       m_axi|                                gmem0|       pointer|
|m_axi_gmem0_ARBURST   |  out|    2|       m_axi|                                gmem0|       pointer|
|m_axi_gmem0_ARLOCK    |  out|    2|       m_axi|                                gmem0|       pointer|
|m_axi_gmem0_ARCACHE   |  out|    4|       m_axi|                                gmem0|       pointer|
|m_axi_gmem0_ARPROT    |  out|    3|       m_axi|                                gmem0|       pointer|
|m_axi_gmem0_ARQOS     |  out|    4|       m_axi|                                gmem0|       pointer|
|m_axi_gmem0_ARREGION  |  out|    4|       m_axi|                                gmem0|       pointer|
|m_axi_gmem0_ARUSER    |  out|    1|       m_axi|                                gmem0|       pointer|
|m_axi_gmem0_RVALID    |   in|    1|       m_axi|                                gmem0|       pointer|
|m_axi_gmem0_RREADY    |  out|    1|       m_axi|                                gmem0|       pointer|
|m_axi_gmem0_RDATA     |   in|   32|       m_axi|                                gmem0|       pointer|
|m_axi_gmem0_RLAST     |   in|    1|       m_axi|                                gmem0|       pointer|
|m_axi_gmem0_RID       |   in|    1|       m_axi|                                gmem0|       pointer|
|m_axi_gmem0_RFIFONUM  |   in|    9|       m_axi|                                gmem0|       pointer|
|m_axi_gmem0_RUSER     |   in|    1|       m_axi|                                gmem0|       pointer|
|m_axi_gmem0_RRESP     |   in|    2|       m_axi|                                gmem0|       pointer|
|m_axi_gmem0_BVALID    |   in|    1|       m_axi|                                gmem0|       pointer|
|m_axi_gmem0_BREADY    |  out|    1|       m_axi|                                gmem0|       pointer|
|m_axi_gmem0_BRESP     |   in|    2|       m_axi|                                gmem0|       pointer|
|m_axi_gmem0_BID       |   in|    1|       m_axi|                                gmem0|       pointer|
|m_axi_gmem0_BUSER     |   in|    1|       m_axi|                                gmem0|       pointer|
|local_A_address0      |  out|    6|   ap_memory|                              local_A|         array|
|local_A_ce0           |  out|    1|   ap_memory|                              local_A|         array|
|local_A_we0           |  out|    1|   ap_memory|                              local_A|         array|
|local_A_d0            |  out|   32|   ap_memory|                              local_A|         array|
|shl_ln35_1_mid2       |   in|   31|     ap_none|                      shl_ln35_1_mid2|        scalar|
|zext_ln34             |   in|   32|     ap_none|                            zext_ln34|        scalar|
|zext_ln44             |   in|   32|     ap_none|                            zext_ln44|        scalar|
|A                     |   in|   64|     ap_none|                                    A|        scalar|
|local_A_1_address0    |  out|    6|   ap_memory|                            local_A_1|         array|
|local_A_1_ce0         |  out|    1|   ap_memory|                            local_A_1|         array|
|local_A_1_we0         |  out|    1|   ap_memory|                            local_A_1|         array|
|local_A_1_d0          |  out|   32|   ap_memory|                            local_A_1|         array|
|local_A_2_address0    |  out|    6|   ap_memory|                            local_A_2|         array|
|local_A_2_ce0         |  out|    1|   ap_memory|                            local_A_2|         array|
|local_A_2_we0         |  out|    1|   ap_memory|                            local_A_2|         array|
|local_A_2_d0          |  out|   32|   ap_memory|                            local_A_2|         array|
|local_A_3_address0    |  out|    6|   ap_memory|                            local_A_3|         array|
|local_A_3_ce0         |  out|    1|   ap_memory|                            local_A_3|         array|
|local_A_3_we0         |  out|    1|   ap_memory|                            local_A_3|         array|
|local_A_3_d0          |  out|   32|   ap_memory|                            local_A_3|         array|
|local_A_4_address0    |  out|    6|   ap_memory|                            local_A_4|         array|
|local_A_4_ce0         |  out|    1|   ap_memory|                            local_A_4|         array|
|local_A_4_we0         |  out|    1|   ap_memory|                            local_A_4|         array|
|local_A_4_d0          |  out|   32|   ap_memory|                            local_A_4|         array|
|local_A_5_address0    |  out|    6|   ap_memory|                            local_A_5|         array|
|local_A_5_ce0         |  out|    1|   ap_memory|                            local_A_5|         array|
|local_A_5_we0         |  out|    1|   ap_memory|                            local_A_5|         array|
|local_A_5_d0          |  out|   32|   ap_memory|                            local_A_5|         array|
|local_A_6_address0    |  out|    6|   ap_memory|                            local_A_6|         array|
|local_A_6_ce0         |  out|    1|   ap_memory|                            local_A_6|         array|
|local_A_6_we0         |  out|    1|   ap_memory|                            local_A_6|         array|
|local_A_6_d0          |  out|   32|   ap_memory|                            local_A_6|         array|
|local_A_7_address0    |  out|    6|   ap_memory|                            local_A_7|         array|
|local_A_7_ce0         |  out|    1|   ap_memory|                            local_A_7|         array|
|local_A_7_we0         |  out|    1|   ap_memory|                            local_A_7|         array|
|local_A_7_d0          |  out|   32|   ap_memory|                            local_A_7|         array|
|local_A_8_address0    |  out|    6|   ap_memory|                            local_A_8|         array|
|local_A_8_ce0         |  out|    1|   ap_memory|                            local_A_8|         array|
|local_A_8_we0         |  out|    1|   ap_memory|                            local_A_8|         array|
|local_A_8_d0          |  out|   32|   ap_memory|                            local_A_8|         array|
|local_A_9_address0    |  out|    6|   ap_memory|                            local_A_9|         array|
|local_A_9_ce0         |  out|    1|   ap_memory|                            local_A_9|         array|
|local_A_9_we0         |  out|    1|   ap_memory|                            local_A_9|         array|
|local_A_9_d0          |  out|   32|   ap_memory|                            local_A_9|         array|
|local_A_10_address0   |  out|    6|   ap_memory|                           local_A_10|         array|
|local_A_10_ce0        |  out|    1|   ap_memory|                           local_A_10|         array|
|local_A_10_we0        |  out|    1|   ap_memory|                           local_A_10|         array|
|local_A_10_d0         |  out|   32|   ap_memory|                           local_A_10|         array|
|local_A_11_address0   |  out|    6|   ap_memory|                           local_A_11|         array|
|local_A_11_ce0        |  out|    1|   ap_memory|                           local_A_11|         array|
|local_A_11_we0        |  out|    1|   ap_memory|                           local_A_11|         array|
|local_A_11_d0         |  out|   32|   ap_memory|                           local_A_11|         array|
|local_A_12_address0   |  out|    6|   ap_memory|                           local_A_12|         array|
|local_A_12_ce0        |  out|    1|   ap_memory|                           local_A_12|         array|
|local_A_12_we0        |  out|    1|   ap_memory|                           local_A_12|         array|
|local_A_12_d0         |  out|   32|   ap_memory|                           local_A_12|         array|
|local_A_13_address0   |  out|    6|   ap_memory|                           local_A_13|         array|
|local_A_13_ce0        |  out|    1|   ap_memory|                           local_A_13|         array|
|local_A_13_we0        |  out|    1|   ap_memory|                           local_A_13|         array|
|local_A_13_d0         |  out|   32|   ap_memory|                           local_A_13|         array|
|local_A_14_address0   |  out|    6|   ap_memory|                           local_A_14|         array|
|local_A_14_ce0        |  out|    1|   ap_memory|                           local_A_14|         array|
|local_A_14_we0        |  out|    1|   ap_memory|                           local_A_14|         array|
|local_A_14_d0         |  out|   32|   ap_memory|                           local_A_14|         array|
|local_A_15_address0   |  out|    6|   ap_memory|                           local_A_15|         array|
|local_A_15_ce0        |  out|    1|   ap_memory|                           local_A_15|         array|
|local_A_15_we0        |  out|    1|   ap_memory|                           local_A_15|         array|
|local_A_15_d0         |  out|   32|   ap_memory|                           local_A_15|         array|
|local_A_16_address0   |  out|    6|   ap_memory|                           local_A_16|         array|
|local_A_16_ce0        |  out|    1|   ap_memory|                           local_A_16|         array|
|local_A_16_we0        |  out|    1|   ap_memory|                           local_A_16|         array|
|local_A_16_d0         |  out|   32|   ap_memory|                           local_A_16|         array|
|local_A_17_address0   |  out|    6|   ap_memory|                           local_A_17|         array|
|local_A_17_ce0        |  out|    1|   ap_memory|                           local_A_17|         array|
|local_A_17_we0        |  out|    1|   ap_memory|                           local_A_17|         array|
|local_A_17_d0         |  out|   32|   ap_memory|                           local_A_17|         array|
|local_A_18_address0   |  out|    6|   ap_memory|                           local_A_18|         array|
|local_A_18_ce0        |  out|    1|   ap_memory|                           local_A_18|         array|
|local_A_18_we0        |  out|    1|   ap_memory|                           local_A_18|         array|
|local_A_18_d0         |  out|   32|   ap_memory|                           local_A_18|         array|
|local_A_19_address0   |  out|    6|   ap_memory|                           local_A_19|         array|
|local_A_19_ce0        |  out|    1|   ap_memory|                           local_A_19|         array|
|local_A_19_we0        |  out|    1|   ap_memory|                           local_A_19|         array|
|local_A_19_d0         |  out|   32|   ap_memory|                           local_A_19|         array|
|local_A_20_address0   |  out|    6|   ap_memory|                           local_A_20|         array|
|local_A_20_ce0        |  out|    1|   ap_memory|                           local_A_20|         array|
|local_A_20_we0        |  out|    1|   ap_memory|                           local_A_20|         array|
|local_A_20_d0         |  out|   32|   ap_memory|                           local_A_20|         array|
|local_A_21_address0   |  out|    6|   ap_memory|                           local_A_21|         array|
|local_A_21_ce0        |  out|    1|   ap_memory|                           local_A_21|         array|
|local_A_21_we0        |  out|    1|   ap_memory|                           local_A_21|         array|
|local_A_21_d0         |  out|   32|   ap_memory|                           local_A_21|         array|
|local_A_22_address0   |  out|    6|   ap_memory|                           local_A_22|         array|
|local_A_22_ce0        |  out|    1|   ap_memory|                           local_A_22|         array|
|local_A_22_we0        |  out|    1|   ap_memory|                           local_A_22|         array|
|local_A_22_d0         |  out|   32|   ap_memory|                           local_A_22|         array|
|local_A_23_address0   |  out|    6|   ap_memory|                           local_A_23|         array|
|local_A_23_ce0        |  out|    1|   ap_memory|                           local_A_23|         array|
|local_A_23_we0        |  out|    1|   ap_memory|                           local_A_23|         array|
|local_A_23_d0         |  out|   32|   ap_memory|                           local_A_23|         array|
|local_A_24_address0   |  out|    6|   ap_memory|                           local_A_24|         array|
|local_A_24_ce0        |  out|    1|   ap_memory|                           local_A_24|         array|
|local_A_24_we0        |  out|    1|   ap_memory|                           local_A_24|         array|
|local_A_24_d0         |  out|   32|   ap_memory|                           local_A_24|         array|
|local_A_25_address0   |  out|    6|   ap_memory|                           local_A_25|         array|
|local_A_25_ce0        |  out|    1|   ap_memory|                           local_A_25|         array|
|local_A_25_we0        |  out|    1|   ap_memory|                           local_A_25|         array|
|local_A_25_d0         |  out|   32|   ap_memory|                           local_A_25|         array|
|local_A_26_address0   |  out|    6|   ap_memory|                           local_A_26|         array|
|local_A_26_ce0        |  out|    1|   ap_memory|                           local_A_26|         array|
|local_A_26_we0        |  out|    1|   ap_memory|                           local_A_26|         array|
|local_A_26_d0         |  out|   32|   ap_memory|                           local_A_26|         array|
|local_A_27_address0   |  out|    6|   ap_memory|                           local_A_27|         array|
|local_A_27_ce0        |  out|    1|   ap_memory|                           local_A_27|         array|
|local_A_27_we0        |  out|    1|   ap_memory|                           local_A_27|         array|
|local_A_27_d0         |  out|   32|   ap_memory|                           local_A_27|         array|
|local_A_28_address0   |  out|    6|   ap_memory|                           local_A_28|         array|
|local_A_28_ce0        |  out|    1|   ap_memory|                           local_A_28|         array|
|local_A_28_we0        |  out|    1|   ap_memory|                           local_A_28|         array|
|local_A_28_d0         |  out|   32|   ap_memory|                           local_A_28|         array|
|local_A_29_address0   |  out|    6|   ap_memory|                           local_A_29|         array|
|local_A_29_ce0        |  out|    1|   ap_memory|                           local_A_29|         array|
|local_A_29_we0        |  out|    1|   ap_memory|                           local_A_29|         array|
|local_A_29_d0         |  out|   32|   ap_memory|                           local_A_29|         array|
|local_A_30_address0   |  out|    6|   ap_memory|                           local_A_30|         array|
|local_A_30_ce0        |  out|    1|   ap_memory|                           local_A_30|         array|
|local_A_30_we0        |  out|    1|   ap_memory|                           local_A_30|         array|
|local_A_30_d0         |  out|   32|   ap_memory|                           local_A_30|         array|
|local_A_31_address0   |  out|    6|   ap_memory|                           local_A_31|         array|
|local_A_31_ce0        |  out|    1|   ap_memory|                           local_A_31|         array|
|local_A_31_we0        |  out|    1|   ap_memory|                           local_A_31|         array|
|local_A_31_d0         |  out|   32|   ap_memory|                           local_A_31|         array|
|local_A_32_address0   |  out|    6|   ap_memory|                           local_A_32|         array|
|local_A_32_ce0        |  out|    1|   ap_memory|                           local_A_32|         array|
|local_A_32_we0        |  out|    1|   ap_memory|                           local_A_32|         array|
|local_A_32_d0         |  out|   32|   ap_memory|                           local_A_32|         array|
|local_A_33_address0   |  out|    6|   ap_memory|                           local_A_33|         array|
|local_A_33_ce0        |  out|    1|   ap_memory|                           local_A_33|         array|
|local_A_33_we0        |  out|    1|   ap_memory|                           local_A_33|         array|
|local_A_33_d0         |  out|   32|   ap_memory|                           local_A_33|         array|
|local_A_34_address0   |  out|    6|   ap_memory|                           local_A_34|         array|
|local_A_34_ce0        |  out|    1|   ap_memory|                           local_A_34|         array|
|local_A_34_we0        |  out|    1|   ap_memory|                           local_A_34|         array|
|local_A_34_d0         |  out|   32|   ap_memory|                           local_A_34|         array|
|local_A_35_address0   |  out|    6|   ap_memory|                           local_A_35|         array|
|local_A_35_ce0        |  out|    1|   ap_memory|                           local_A_35|         array|
|local_A_35_we0        |  out|    1|   ap_memory|                           local_A_35|         array|
|local_A_35_d0         |  out|   32|   ap_memory|                           local_A_35|         array|
|local_A_36_address0   |  out|    6|   ap_memory|                           local_A_36|         array|
|local_A_36_ce0        |  out|    1|   ap_memory|                           local_A_36|         array|
|local_A_36_we0        |  out|    1|   ap_memory|                           local_A_36|         array|
|local_A_36_d0         |  out|   32|   ap_memory|                           local_A_36|         array|
|local_A_37_address0   |  out|    6|   ap_memory|                           local_A_37|         array|
|local_A_37_ce0        |  out|    1|   ap_memory|                           local_A_37|         array|
|local_A_37_we0        |  out|    1|   ap_memory|                           local_A_37|         array|
|local_A_37_d0         |  out|   32|   ap_memory|                           local_A_37|         array|
|local_A_38_address0   |  out|    6|   ap_memory|                           local_A_38|         array|
|local_A_38_ce0        |  out|    1|   ap_memory|                           local_A_38|         array|
|local_A_38_we0        |  out|    1|   ap_memory|                           local_A_38|         array|
|local_A_38_d0         |  out|   32|   ap_memory|                           local_A_38|         array|
|local_A_39_address0   |  out|    6|   ap_memory|                           local_A_39|         array|
|local_A_39_ce0        |  out|    1|   ap_memory|                           local_A_39|         array|
|local_A_39_we0        |  out|    1|   ap_memory|                           local_A_39|         array|
|local_A_39_d0         |  out|   32|   ap_memory|                           local_A_39|         array|
|local_A_40_address0   |  out|    6|   ap_memory|                           local_A_40|         array|
|local_A_40_ce0        |  out|    1|   ap_memory|                           local_A_40|         array|
|local_A_40_we0        |  out|    1|   ap_memory|                           local_A_40|         array|
|local_A_40_d0         |  out|   32|   ap_memory|                           local_A_40|         array|
|local_A_41_address0   |  out|    6|   ap_memory|                           local_A_41|         array|
|local_A_41_ce0        |  out|    1|   ap_memory|                           local_A_41|         array|
|local_A_41_we0        |  out|    1|   ap_memory|                           local_A_41|         array|
|local_A_41_d0         |  out|   32|   ap_memory|                           local_A_41|         array|
|local_A_42_address0   |  out|    6|   ap_memory|                           local_A_42|         array|
|local_A_42_ce0        |  out|    1|   ap_memory|                           local_A_42|         array|
|local_A_42_we0        |  out|    1|   ap_memory|                           local_A_42|         array|
|local_A_42_d0         |  out|   32|   ap_memory|                           local_A_42|         array|
|local_A_43_address0   |  out|    6|   ap_memory|                           local_A_43|         array|
|local_A_43_ce0        |  out|    1|   ap_memory|                           local_A_43|         array|
|local_A_43_we0        |  out|    1|   ap_memory|                           local_A_43|         array|
|local_A_43_d0         |  out|   32|   ap_memory|                           local_A_43|         array|
|local_A_44_address0   |  out|    6|   ap_memory|                           local_A_44|         array|
|local_A_44_ce0        |  out|    1|   ap_memory|                           local_A_44|         array|
|local_A_44_we0        |  out|    1|   ap_memory|                           local_A_44|         array|
|local_A_44_d0         |  out|   32|   ap_memory|                           local_A_44|         array|
|local_A_45_address0   |  out|    6|   ap_memory|                           local_A_45|         array|
|local_A_45_ce0        |  out|    1|   ap_memory|                           local_A_45|         array|
|local_A_45_we0        |  out|    1|   ap_memory|                           local_A_45|         array|
|local_A_45_d0         |  out|   32|   ap_memory|                           local_A_45|         array|
|local_A_46_address0   |  out|    6|   ap_memory|                           local_A_46|         array|
|local_A_46_ce0        |  out|    1|   ap_memory|                           local_A_46|         array|
|local_A_46_we0        |  out|    1|   ap_memory|                           local_A_46|         array|
|local_A_46_d0         |  out|   32|   ap_memory|                           local_A_46|         array|
|local_A_47_address0   |  out|    6|   ap_memory|                           local_A_47|         array|
|local_A_47_ce0        |  out|    1|   ap_memory|                           local_A_47|         array|
|local_A_47_we0        |  out|    1|   ap_memory|                           local_A_47|         array|
|local_A_47_d0         |  out|   32|   ap_memory|                           local_A_47|         array|
|local_A_48_address0   |  out|    6|   ap_memory|                           local_A_48|         array|
|local_A_48_ce0        |  out|    1|   ap_memory|                           local_A_48|         array|
|local_A_48_we0        |  out|    1|   ap_memory|                           local_A_48|         array|
|local_A_48_d0         |  out|   32|   ap_memory|                           local_A_48|         array|
|local_A_49_address0   |  out|    6|   ap_memory|                           local_A_49|         array|
|local_A_49_ce0        |  out|    1|   ap_memory|                           local_A_49|         array|
|local_A_49_we0        |  out|    1|   ap_memory|                           local_A_49|         array|
|local_A_49_d0         |  out|   32|   ap_memory|                           local_A_49|         array|
|local_A_50_address0   |  out|    6|   ap_memory|                           local_A_50|         array|
|local_A_50_ce0        |  out|    1|   ap_memory|                           local_A_50|         array|
|local_A_50_we0        |  out|    1|   ap_memory|                           local_A_50|         array|
|local_A_50_d0         |  out|   32|   ap_memory|                           local_A_50|         array|
|local_A_51_address0   |  out|    6|   ap_memory|                           local_A_51|         array|
|local_A_51_ce0        |  out|    1|   ap_memory|                           local_A_51|         array|
|local_A_51_we0        |  out|    1|   ap_memory|                           local_A_51|         array|
|local_A_51_d0         |  out|   32|   ap_memory|                           local_A_51|         array|
|local_A_52_address0   |  out|    6|   ap_memory|                           local_A_52|         array|
|local_A_52_ce0        |  out|    1|   ap_memory|                           local_A_52|         array|
|local_A_52_we0        |  out|    1|   ap_memory|                           local_A_52|         array|
|local_A_52_d0         |  out|   32|   ap_memory|                           local_A_52|         array|
|local_A_53_address0   |  out|    6|   ap_memory|                           local_A_53|         array|
|local_A_53_ce0        |  out|    1|   ap_memory|                           local_A_53|         array|
|local_A_53_we0        |  out|    1|   ap_memory|                           local_A_53|         array|
|local_A_53_d0         |  out|   32|   ap_memory|                           local_A_53|         array|
|local_A_54_address0   |  out|    6|   ap_memory|                           local_A_54|         array|
|local_A_54_ce0        |  out|    1|   ap_memory|                           local_A_54|         array|
|local_A_54_we0        |  out|    1|   ap_memory|                           local_A_54|         array|
|local_A_54_d0         |  out|   32|   ap_memory|                           local_A_54|         array|
|local_A_55_address0   |  out|    6|   ap_memory|                           local_A_55|         array|
|local_A_55_ce0        |  out|    1|   ap_memory|                           local_A_55|         array|
|local_A_55_we0        |  out|    1|   ap_memory|                           local_A_55|         array|
|local_A_55_d0         |  out|   32|   ap_memory|                           local_A_55|         array|
|local_A_56_address0   |  out|    6|   ap_memory|                           local_A_56|         array|
|local_A_56_ce0        |  out|    1|   ap_memory|                           local_A_56|         array|
|local_A_56_we0        |  out|    1|   ap_memory|                           local_A_56|         array|
|local_A_56_d0         |  out|   32|   ap_memory|                           local_A_56|         array|
|local_A_57_address0   |  out|    6|   ap_memory|                           local_A_57|         array|
|local_A_57_ce0        |  out|    1|   ap_memory|                           local_A_57|         array|
|local_A_57_we0        |  out|    1|   ap_memory|                           local_A_57|         array|
|local_A_57_d0         |  out|   32|   ap_memory|                           local_A_57|         array|
|local_A_58_address0   |  out|    6|   ap_memory|                           local_A_58|         array|
|local_A_58_ce0        |  out|    1|   ap_memory|                           local_A_58|         array|
|local_A_58_we0        |  out|    1|   ap_memory|                           local_A_58|         array|
|local_A_58_d0         |  out|   32|   ap_memory|                           local_A_58|         array|
|local_A_59_address0   |  out|    6|   ap_memory|                           local_A_59|         array|
|local_A_59_ce0        |  out|    1|   ap_memory|                           local_A_59|         array|
|local_A_59_we0        |  out|    1|   ap_memory|                           local_A_59|         array|
|local_A_59_d0         |  out|   32|   ap_memory|                           local_A_59|         array|
|local_A_60_address0   |  out|    6|   ap_memory|                           local_A_60|         array|
|local_A_60_ce0        |  out|    1|   ap_memory|                           local_A_60|         array|
|local_A_60_we0        |  out|    1|   ap_memory|                           local_A_60|         array|
|local_A_60_d0         |  out|   32|   ap_memory|                           local_A_60|         array|
|local_A_61_address0   |  out|    6|   ap_memory|                           local_A_61|         array|
|local_A_61_ce0        |  out|    1|   ap_memory|                           local_A_61|         array|
|local_A_61_we0        |  out|    1|   ap_memory|                           local_A_61|         array|
|local_A_61_d0         |  out|   32|   ap_memory|                           local_A_61|         array|
|local_A_62_address0   |  out|    6|   ap_memory|                           local_A_62|         array|
|local_A_62_ce0        |  out|    1|   ap_memory|                           local_A_62|         array|
|local_A_62_we0        |  out|    1|   ap_memory|                           local_A_62|         array|
|local_A_62_d0         |  out|   32|   ap_memory|                           local_A_62|         array|
|local_A_63_address0   |  out|    6|   ap_memory|                           local_A_63|         array|
|local_A_63_ce0        |  out|    1|   ap_memory|                           local_A_63|         array|
|local_A_63_we0        |  out|    1|   ap_memory|                           local_A_63|         array|
|local_A_63_d0         |  out|   32|   ap_memory|                           local_A_63|         array|
+----------------------+-----+-----+------------+-------------------------------------+--------------+

